// Vitest Snapshot v1

exports[`Header 1`] = `
<header
  className="css-13negw7"
>
  <div
    className="css-0"
  >
    <div
      className="css-k008qs"
    >
      <div
        className="css-70qvj9"
      >
        <div
          className="css-0"
        >
          <img
            className="chakra-image css-1chmwhm"
            src="/assets/vikract.svg"
            title="The Vikract Webapp template"
          />
          <p
            className="chakra-text css-104caxi"
          >
            THE VIKRACT TEMPLATE
          </p>
        </div>
      </div>
      <div
        className="css-17xejub"
      />
      <div
        className="css-70qvj9"
      >
        <div
          className="chakra-stack css-ex90l4"
        >
          <a
            className="chakra-link css-177s7ri"
            href="/"
          >
            Home
          </a>
          <a
            className="chakra-link css-1jpe0vt"
            href="/prices"
          >
            Prices
          </a>
          <a
            className="chakra-link css-1jpe0vt"
            href="/contactus"
          >
            Contact Us
          </a>
        </div>
      </div>
      <div
        className="css-17xejub"
      />
      <div
        className="css-0"
      >
        <div
          className="css-0"
        >
          <div
            className="chakra-stack css-111rh5x"
          >
            <button
              className="chakra-button css-4xx2wk"
              type="button"
            >
              Sign Up
            </button>
            <button
              className="chakra-button css-4xx2wk"
              type="button"
            >
              Sign In
            </button>
          </div>
        </div>
      </div>
    </div>
  </div>
</header>
`;
