// Vitest Snapshot v1, https://vitest.dev/guide/snapshot.html

exports[`Products 1`] = `null`;
