// Vitest Snapshot v1, https://vitest.dev/guide/snapshot.html

exports[`Footer 1`] = `null`;
