// Vitest Snapshot v1, https://vitest.dev/guide/snapshot.html

exports[`Roadmap 1`] = `
[
  <div
    className="css-49pdgh"
  >
    <h2
      className="chakra-heading css-1dklj6k"
    >
      Our Roadmap
    </h2>
    <p
      className="chakra-text css-0"
    >
      <strong>
        2023:
      </strong>
      <ul
        className="css-155za0w"
        role="list"
      >
        <li
          className="css-0"
        >
          Create base app template
        </li>
        <li
          className="css-0"
        >
          Design flow to deploy to differents providers
        </li>
        <li
          className="css-0"
        >
          Design example pages
        </li>
        <li
          className="css-0"
        >
          Develop custom components
        </li>
      </ul>
    </p>
    <p
      className="chakra-text css-0"
    >
      <strong>
        2024:
      </strong>
      <ul
        className="css-155za0w"
        role="list"
      >
        <li
          className="css-0"
        >
          Create library with custom components
        </li>
        <li
          className="css-0"
        >
          Refactor custom components and move to library
        </li>
        <li
          className="css-0"
        >
          Start a new way to generate templates based on color tokens
        </li>
      </ul>
    </p>
  </div>,
  <span />,
  <span
    hidden={true}
    id="__chakra_env"
  />,
]
`;
