// Vitest Snapshot v1, https://vitest.dev/guide/snapshot.html

exports[`Contactus 1`] = `null`;
