// Vitest Snapshot v1, https://vitest.dev/guide/snapshot.html

exports[`SocialLinks 1`] = `null`;
